{3, 5}
{1, 2, 3, 4, 5, 6}
{B, C, E, I}
{1, 2, 3, 4, 6, 7, 9, 12, 13, 14}
{2, 4, 7, 12, 13}
