7 components
0 -> 0
1 -> 1
2 -> 2
3 -> 3
4 -> 1
5 -> 1
6 -> 4
7 -> 1
8 -> 5
9 -> 6
